{"timestamp":"2026-06-01T11:00:11.178572Z","level":"info","event":"DAG bundles loaded: dags-folder","logger":"airflow.dag_processing.bundles.manager.DagBundlesManager","filename":"manager.py","lineno":209}
{"timestamp":"2026-06-01T11:00:11.180817Z","level":"info","event":"Filling up the DagBag from /opt/airflow/dags/crawler_dag.py","logger":"airflow.dag_processing.dagbag.BundleDagBag","filename":"dagbag.py","lineno":469}
{"timestamp":"2026-06-01T11:00:19.559697Z","level":"info","event":"Starting docker container from image crawler_image:1.0.0","logger":"airflow.task.operators.airflow.providers.docker.operators.docker.DockerOperator","filename":"docker.py","lineno":367}
{"timestamp":"2026-06-01T11:00:20.411947Z","level":"info","event":"2026-06-01 11:00:20 - pollution_crawler - INFO - Khởi động Pollution Crawler","logger":"airflow.task.operators.airflow.providers.docker.operators.docker.DockerOperator","filename":"docker.py","lineno":71}
{"timestamp":"2026-06-01T11:00:20.412131Z","level":"info","event":"2026-06-01 11:00:20 - pollution_crawler - INFO - Đang lấy dữ liệu cho: An Giang, VN","logger":"airflow.task.operators.airflow.providers.docker.operators.docker.DockerOperator","filename":"docker.py","lineno":71}
{"timestamp":"2026-06-01T11:00:24.566351Z","level":"info","event":"2026-06-01 11:00:24 - pollution_fetcher_v1 - INFO - Đã lấy thành công dữ liệu tại tọa độ 10.3188672, 105.0432488","logger":"airflow.task.operators.airflow.providers.docker.operators.docker.DockerOperator","filename":"docker.py","lineno":71}
{"timestamp":"2026-06-01T11:00:25.141529Z","level":"info","event":"2026-06-01 11:00:25 - pollution_fetcher_v2 - INFO - Đã lấy thành công dữ liệu tại tọa độ 10.3188672, 105.0432488","logger":"airflow.task.operators.airflow.providers.docker.operators.docker.DockerOperator","filename":"docker.py","lineno":71}
{"timestamp":"2026-06-01T11:00:25.253315Z","level":"info","event":"2026-06-01 11:00:25 - kafka_producer - INFO - Đã gửi tới pollution_data: partition: 0 | offset: 0","logger":"airflow.task.operators.airflow.providers.docker.operators.docker.DockerOperator","filename":"docker.py","lineno":71}
{"timestamp":"2026-06-01T11:00:25.453159Z","level":"info","event":"2026-06-01 11:00:25 - pollution_crawler - INFO - Đang lấy dữ liệu cho: Bắc Ninh, VN","logger":"airflow.task.operators.airflow.providers.docker.operators.docker.DockerOperator","filename":"docker.py","lineno":71}
{"timestamp":"2026-06-01T11:00:28.193061Z","level":"info","event":"2026-06-01 11:00:28 - pollution_fetcher_v1 - INFO - Đã lấy thành công dữ liệu tại tọa độ 21.1781515, 106.0710078","logger":"airflow.task.operators.airflow.providers.docker.operators.docker.DockerOperator","filename":"docker.py","lineno":71}
{"timestamp":"2026-06-01T11:00:28.961355Z","level":"info","event":"2026-06-01 11:00:28 - pollution_fetcher_v2 - INFO - Đã lấy thành công dữ liệu tại tọa độ 21.1781515, 106.0710078","logger":"airflow.task.operators.airflow.providers.docker.operators.docker.DockerOperator","filename":"docker.py","lineno":71}
{"timestamp":"2026-06-01T11:00:28.964009Z","level":"info","event":"2026-06-01 11:00:28 - kafka_producer - INFO - Đã gửi tới pollution_data: partition: 0 | offset: 1","logger":"airflow.task.operators.airflow.providers.docker.operators.docker.DockerOperator","filename":"docker.py","lineno":71}
{"timestamp":"2026-06-01T11:00:29.164616Z","level":"info","event":"2026-06-01 11:00:29 - pollution_crawler - INFO - Đang lấy dữ liệu cho: Cà Mau, VN","logger":"airflow.task.operators.airflow.providers.docker.operators.docker.DockerOperator","filename":"docker.py","lineno":71}
{"timestamp":"2026-06-01T11:00:30.550183Z","level":"info","event":"2026-06-01 11:00:30 - pollution_fetcher_v1 - INFO - Đã lấy thành công dữ liệu tại tọa độ 9.1762003, 105.1508415","logger":"airflow.task.operators.airflow.providers.docker.operators.docker.DockerOperator","filename":"docker.py","lineno":71}
{"timestamp":"2026-06-01T11:00:31.068033Z","level":"info","event":"2026-06-01 11:00:31 - pollution_fetcher_v2 - INFO - Đã lấy thành công dữ liệu tại tọa độ 9.1762003, 105.1508415","logger":"airflow.task.operators.airflow.providers.docker.operators.docker.DockerOperator","filename":"docker.py","lineno":71}
{"timestamp":"2026-06-01T11:00:31.070325Z","level":"info","event":"2026-06-01 11:00:31 - kafka_producer - INFO - Đã gửi tới pollution_data: partition: 0 | offset: 2","logger":"airflow.task.operators.airflow.providers.docker.operators.docker.DockerOperator","filename":"docker.py","lineno":71}
{"timestamp":"2026-06-01T11:00:31.270495Z","level":"info","event":"2026-06-01 11:00:31 - pollution_crawler - INFO - Đang lấy dữ liệu cho: Cần Thơ, VN","logger":"airflow.task.operators.airflow.providers.docker.operators.docker.DockerOperator","filename":"docker.py","lineno":71}
{"timestamp":"2026-06-01T11:00:33.318759Z","level":"info","event":"2026-06-01 11:00:33 - pollution_fetcher_v1 - INFO - Đã lấy thành công dữ liệu tại tọa độ 10.0364634, 105.7875821","logger":"airflow.task.operators.airflow.providers.docker.operators.docker.DockerOperator","filename":"docker.py","lineno":71}
{"timestamp":"2026-06-01T11:00:34.423686Z","level":"info","event":"2026-06-01 11:00:34 - pollution_fetcher_v2 - INFO - Đã lấy thành công dữ liệu tại tọa độ 10.0364634, 105.7875821","logger":"airflow.task.operators.airflow.providers.docker.operators.docker.DockerOperator","filename":"docker.py","lineno":71}
{"timestamp":"2026-06-01T11:00:34.425400Z","level":"info","event":"2026-06-01 11:00:34 - kafka_producer - INFO - Đã gửi tới pollution_data: partition: 0 | offset: 3","logger":"airflow.task.operators.airflow.providers.docker.operators.docker.DockerOperator","filename":"docker.py","lineno":71}
{"timestamp":"2026-06-01T11:00:34.625649Z","level":"info","event":"2026-06-01 11:00:34 - pollution_crawler - INFO - Đang lấy dữ liệu cho: Cao Bằng, VN","logger":"airflow.task.operators.airflow.providers.docker.operators.docker.DockerOperator","filename":"docker.py","lineno":71}
{"timestamp":"2026-06-01T11:00:37.612426Z","level":"info","event":"2026-06-01 11:00:37 - pollution_fetcher_v1 - INFO - Đã lấy thành công dữ liệu tại tọa độ 22.665781, 106.2587824","logger":"airflow.task.operators.airflow.providers.docker.operators.docker.DockerOperator","filename":"docker.py","lineno":71}
{"timestamp":"2026-06-01T11:00:38.082190Z","level":"info","event":"2026-06-01 11:00:38 - pollution_fetcher_v2 - INFO - Đã lấy thành công dữ liệu tại tọa độ 22.665781, 106.2587824","logger":"airflow.task.operators.airflow.providers.docker.operators.docker.DockerOperator","filename":"docker.py","lineno":71}
{"timestamp":"2026-06-01T11:00:38.083829Z","level":"info","event":"2026-06-01 11:00:38 - kafka_producer - INFO - Đã gửi tới pollution_data: partition: 0 | offset: 4","logger":"airflow.task.operators.airflow.providers.docker.operators.docker.DockerOperator","filename":"docker.py","lineno":71}
{"timestamp":"2026-06-01T11:00:38.284172Z","level":"info","event":"2026-06-01 11:00:38 - pollution_crawler - INFO - Đang lấy dữ liệu cho: Đắk Lắk, VN","logger":"airflow.task.operators.airflow.providers.docker.operators.docker.DockerOperator","filename":"docker.py","lineno":71}
{"timestamp":"2026-06-01T11:00:39.954421Z","level":"info","event":"2026-06-01 11:00:39 - pollution_fetcher_v1 - INFO - Đã lấy thành công dữ liệu tại tọa độ 12.8741856, 108.7979302","logger":"airflow.task.operators.airflow.providers.docker.operators.docker.DockerOperator","filename":"docker.py","lineno":71}
{"timestamp":"2026-06-01T11:00:45.894904Z","level":"info","event":"2026-06-01 11:00:45 - pollution_fetcher_v2 - INFO - Đã lấy thành công dữ liệu tại tọa độ 12.8741856, 108.7979302","logger":"airflow.task.operators.airflow.providers.docker.operators.docker.DockerOperator","filename":"docker.py","lineno":71}
{"timestamp":"2026-06-01T11:00:45.896671Z","level":"info","event":"2026-06-01 11:00:45 - kafka_producer - INFO - Đã gửi tới pollution_data: partition: 0 | offset: 5","logger":"airflow.task.operators.airflow.providers.docker.operators.docker.DockerOperator","filename":"docker.py","lineno":71}
{"timestamp":"2026-06-01T11:00:46.096639Z","level":"info","event":"2026-06-01 11:00:46 - pollution_crawler - INFO - Đang lấy dữ liệu cho: Đà Nẵng, VN","logger":"airflow.task.operators.airflow.providers.docker.operators.docker.DockerOperator","filename":"docker.py","lineno":71}
{"timestamp":"2026-06-01T11:00:49.925309Z","level":"info","event":"2026-06-01 11:00:49 - pollution_fetcher_v1 - INFO - Đã lấy thành công dữ liệu tại tọa độ 16.068, 108.212","logger":"airflow.task.operators.airflow.providers.docker.operators.docker.DockerOperator","filename":"docker.py","lineno":71}
{"timestamp":"2026-06-01T11:00:51.288151Z","level":"info","event":"2026-06-01 11:00:51 - pollution_fetcher_v2 - INFO - Đã lấy thành công dữ liệu tại tọa độ 16.068, 108.212","logger":"airflow.task.operators.airflow.providers.docker.operators.docker.DockerOperator","filename":"docker.py","lineno":71}
{"timestamp":"2026-06-01T11:00:51.290166Z","level":"info","event":"2026-06-01 11:00:51 - kafka_producer - INFO - Đã gửi tới pollution_data: partition: 0 | offset: 6","logger":"airflow.task.operators.airflow.providers.docker.operators.docker.DockerOperator","filename":"docker.py","lineno":71}
{"timestamp":"2026-06-01T11:00:51.491152Z","level":"info","event":"2026-06-01 11:00:51 - pollution_crawler - INFO - Đang lấy dữ liệu cho: Điện Biên, VN","logger":"airflow.task.operators.airflow.providers.docker.operators.docker.DockerOperator","filename":"docker.py","lineno":71}
{"timestamp":"2026-06-01T11:00:56.538536Z","level":"info","event":"2026-06-01 11:00:56 - pollution_fetcher_v1 - INFO - Đã lấy thành công dữ liệu tại tọa độ 21.6546566, 103.2168632","logger":"airflow.task.operators.airflow.providers.docker.operators.docker.DockerOperator","filename":"docker.py","lineno":71}
{"timestamp":"2026-06-01T11:00:57.387364Z","level":"info","event":"2026-06-01 11:00:57 - pollution_fetcher_v2 - INFO - Đã lấy thành công dữ liệu tại tọa độ 21.6546566, 103.2168632","logger":"airflow.task.operators.airflow.providers.docker.operators.docker.DockerOperator","filename":"docker.py","lineno":71}
{"timestamp":"2026-06-01T11:00:57.389179Z","level":"info","event":"2026-06-01 11:00:57 - kafka_producer - INFO - Đã gửi tới pollution_data: partition: 0 | offset: 7","logger":"airflow.task.operators.airflow.providers.docker.operators.docker.DockerOperator","filename":"docker.py","lineno":71}
{"timestamp":"2026-06-01T11:00:57.590139Z","level":"info","event":"2026-06-01 11:00:57 - pollution_crawler - INFO - Đang lấy dữ liệu cho: Đồng Nai, VN","logger":"airflow.task.operators.airflow.providers.docker.operators.docker.DockerOperator","filename":"docker.py","lineno":71}
{"timestamp":"2026-06-01T11:01:04.305884Z","level":"info","event":"2026-06-01 11:01:04 - pollution_fetcher_v1 - INFO - Đã lấy thành công dữ liệu tại tọa độ 11.4285446, 107.1624245","logger":"airflow.task.operators.airflow.providers.docker.operators.docker.DockerOperator","filename":"docker.py","lineno":71}
{"timestamp":"2026-06-01T11:01:06.417036Z","level":"info","event":"2026-06-01 11:01:06 - pollution_fetcher_v2 - INFO - Đã lấy thành công dữ liệu tại tọa độ 11.4285446, 107.1624245","logger":"airflow.task.operators.airflow.providers.docker.operators.docker.DockerOperator","filename":"docker.py","lineno":71}
{"timestamp":"2026-06-01T11:01:06.425223Z","level":"info","event":"2026-06-01 11:01:06 - kafka_producer - INFO - Đã gửi tới pollution_data: partition: 0 | offset: 8","logger":"airflow.task.operators.airflow.providers.docker.operators.docker.DockerOperator","filename":"docker.py","lineno":71}
{"timestamp":"2026-06-01T11:01:06.626184Z","level":"info","event":"2026-06-01 11:01:06 - pollution_crawler - INFO - Đang lấy dữ liệu cho: Đồng Tháp, VN","logger":"airflow.task.operators.airflow.providers.docker.operators.docker.DockerOperator","filename":"docker.py","lineno":71}
{"timestamp":"2026-06-01T11:01:10.407444Z","level":"info","event":"2026-06-01 11:01:10 - pollution_fetcher_v1 - INFO - Đã lấy thành công dữ liệu tại tọa độ 10.425183, 105.9271362","logger":"airflow.task.operators.airflow.providers.docker.operators.docker.DockerOperator","filename":"docker.py","lineno":71}
{"timestamp":"2026-06-01T11:01:10.896180Z","level":"info","event":"2026-06-01 11:01:10 - pollution_fetcher_v2 - INFO - Đã lấy thành công dữ liệu tại tọa độ 10.425183, 105.9271362","logger":"airflow.task.operators.airflow.providers.docker.operators.docker.DockerOperator","filename":"docker.py","lineno":71}
{"timestamp":"2026-06-01T11:01:10.897810Z","level":"info","event":"2026-06-01 11:01:10 - kafka_producer - INFO - Đã gửi tới pollution_data: partition: 0 | offset: 9","logger":"airflow.task.operators.airflow.providers.docker.operators.docker.DockerOperator","filename":"docker.py","lineno":71}
{"timestamp":"2026-06-01T11:01:11.099394Z","level":"info","event":"2026-06-01 11:01:11 - pollution_crawler - INFO - Đang lấy dữ liệu cho: Gia Lai, VN","logger":"airflow.task.operators.airflow.providers.docker.operators.docker.DockerOperator","filename":"docker.py","lineno":71}
{"timestamp":"2026-06-01T11:01:12.526896Z","level":"info","event":"2026-06-01 11:01:12 - pollution_fetcher_v1 - INFO - Đã lấy thành công dữ liệu tại tọa độ 14.0201373, 108.6354524","logger":"airflow.task.operators.airflow.providers.docker.operators.docker.DockerOperator","filename":"docker.py","lineno":71}
{"timestamp":"2026-06-01T11:01:12.917425Z","level":"info","event":"2026-06-01 11:01:12 - pollution_fetcher_v2 - INFO - Đã lấy thành công dữ liệu tại tọa độ 14.0201373, 108.6354524","logger":"airflow.task.operators.airflow.providers.docker.operators.docker.DockerOperator","filename":"docker.py","lineno":71}
{"timestamp":"2026-06-01T11:01:12.918652Z","level":"info","event":"2026-06-01 11:01:12 - kafka_producer - INFO - Đã gửi tới pollution_data: partition: 0 | offset: 10","logger":"airflow.task.operators.airflow.providers.docker.operators.docker.DockerOperator","filename":"docker.py","lineno":71}
{"timestamp":"2026-06-01T11:01:13.120631Z","level":"info","event":"2026-06-01 11:01:13 - pollution_crawler - INFO - Đang lấy dữ liệu cho: Hải Phòng, VN","logger":"airflow.task.operators.airflow.providers.docker.operators.docker.DockerOperator","filename":"docker.py","lineno":71}
{"timestamp":"2026-06-01T11:01:14.728737Z","level":"info","event":"2026-06-01 11:01:14 - pollution_fetcher_v1 - INFO - Đã lấy thành công dữ liệu tại tọa độ 20.8623278, 106.6799266","logger":"airflow.task.operators.airflow.providers.docker.operators.docker.DockerOperator","filename":"docker.py","lineno":71}
{"timestamp":"2026-06-01T11:01:15.280631Z","level":"info","event":"2026-06-01 11:01:15 - pollution_fetcher_v2 - INFO - Đã lấy thành công dữ liệu tại tọa độ 20.8623278, 106.6799266","logger":"airflow.task.operators.airflow.providers.docker.operators.docker.DockerOperator","filename":"docker.py","lineno":71}
{"timestamp":"2026-06-01T11:01:15.282932Z","level":"info","event":"2026-06-01 11:01:15 - kafka_producer - INFO - Đã gửi tới pollution_data: partition: 0 | offset: 11","logger":"airflow.task.operators.airflow.providers.docker.operators.docker.DockerOperator","filename":"docker.py","lineno":71}
{"timestamp":"2026-06-01T11:01:15.483549Z","level":"info","event":"2026-06-01 11:01:15 - pollution_crawler - INFO - Đang lấy dữ liệu cho: Hà Nội, VN","logger":"airflow.task.operators.airflow.providers.docker.operators.docker.DockerOperator","filename":"docker.py","lineno":71}
{"timestamp":"2026-06-01T11:01:17.038802Z","level":"info","event":"2026-06-01 11:01:17 - pollution_fetcher_v1 - INFO - Đã lấy thành công dữ liệu tại tọa độ 21.0283334, 105.854041","logger":"airflow.task.operators.airflow.providers.docker.operators.docker.DockerOperator","filename":"docker.py","lineno":71}
{"timestamp":"2026-06-01T11:01:18.133942Z","level":"info","event":"2026-06-01 11:01:18 - pollution_fetcher_v2 - INFO - Đã lấy thành công dữ liệu tại tọa độ 21.0283334, 105.854041","logger":"airflow.task.operators.airflow.providers.docker.operators.docker.DockerOperator","filename":"docker.py","lineno":71}
{"timestamp":"2026-06-01T11:01:18.136300Z","level":"info","event":"2026-06-01 11:01:18 - kafka_producer - INFO - Đã gửi tới pollution_data: partition: 0 | offset: 12","logger":"airflow.task.operators.airflow.providers.docker.operators.docker.DockerOperator","filename":"docker.py","lineno":71}
{"timestamp":"2026-06-01T11:01:18.337125Z","level":"info","event":"2026-06-01 11:01:18 - pollution_crawler - INFO - Đang lấy dữ liệu cho: Hà Tĩnh, VN","logger":"airflow.task.operators.airflow.providers.docker.operators.docker.DockerOperator","filename":"docker.py","lineno":71}
{"timestamp":"2026-06-01T11:01:19.815181Z","level":"info","event":"2026-06-01 11:01:19 - pollution_fetcher_v1 - INFO - Đã lấy thành công dữ liệu tại tọa độ 18.338181, 105.8958971","logger":"airflow.task.operators.airflow.providers.docker.operators.docker.DockerOperator","filename":"docker.py","lineno":71}
{"timestamp":"2026-06-01T11:01:20.338553Z","level":"info","event":"2026-06-01 11:01:20 - pollution_fetcher_v2 - INFO - Đã lấy thành công dữ liệu tại tọa độ 18.338181, 105.8958971","logger":"airflow.task.operators.airflow.providers.docker.operators.docker.DockerOperator","filename":"docker.py","lineno":71}
{"timestamp":"2026-06-01T11:01:20.340537Z","level":"info","event":"2026-06-01 11:01:20 - kafka_producer - INFO - Đã gửi tới pollution_data: partition: 0 | offset: 13","logger":"airflow.task.operators.airflow.providers.docker.operators.docker.DockerOperator","filename":"docker.py","lineno":71}
{"timestamp":"2026-06-01T11:01:20.540623Z","level":"info","event":"2026-06-01 11:01:20 - pollution_crawler - INFO - Đang lấy dữ liệu cho: Hồ Chí Minh, VN","logger":"airflow.task.operators.airflow.providers.docker.operators.docker.DockerOperator","filename":"docker.py","lineno":71}
{"timestamp":"2026-06-01T11:01:22.100964Z","level":"info","event":"2026-06-01 11:01:22 - pollution_fetcher_v1 - INFO - Đã lấy thành công dữ liệu tại tọa độ 10.7763897, 106.7011391","logger":"airflow.task.operators.airflow.providers.docker.operators.docker.DockerOperator","filename":"docker.py","lineno":71}
{"timestamp":"2026-06-01T11:01:22.516362Z","level":"info","event":"2026-06-01 11:01:22 - pollution_fetcher_v2 - INFO - Đã lấy thành công dữ liệu tại tọa độ 10.7763897, 106.7011391","logger":"airflow.task.operators.airflow.providers.docker.operators.docker.DockerOperator","filename":"docker.py","lineno":71}
{"timestamp":"2026-06-01T11:01:22.517875Z","level":"info","event":"2026-06-01 11:01:22 - kafka_producer - INFO - Đã gửi tới pollution_data: partition: 0 | offset: 14","logger":"airflow.task.operators.airflow.providers.docker.operators.docker.DockerOperator","filename":"docker.py","lineno":71}
{"timestamp":"2026-06-01T11:01:22.718086Z","level":"info","event":"2026-06-01 11:01:22 - pollution_crawler - INFO - Đang lấy dữ liệu cho: Hưng Yên, VN","logger":"airflow.task.operators.airflow.providers.docker.operators.docker.DockerOperator","filename":"docker.py","lineno":71}
{"timestamp":"2026-06-01T11:01:25.362426Z","level":"info","event":"2026-06-01 11:01:25 - pollution_fetcher_v1 - INFO - Đã lấy thành công dữ liệu tại tọa độ 20.6568406, 106.054036","logger":"airflow.task.operators.airflow.providers.docker.operators.docker.DockerOperator","filename":"docker.py","lineno":71}
{"timestamp":"2026-06-01T11:01:26.528075Z","level":"info","event":"2026-06-01 11:01:26 - pollution_fetcher_v2 - INFO - Đã lấy thành công dữ liệu tại tọa độ 20.6568406, 106.054036","logger":"airflow.task.operators.airflow.providers.docker.operators.docker.DockerOperator","filename":"docker.py","lineno":71}
{"timestamp":"2026-06-01T11:01:26.529714Z","level":"info","event":"2026-06-01 11:01:26 - kafka_producer - INFO - Đã gửi tới pollution_data: partition: 0 | offset: 15","logger":"airflow.task.operators.airflow.providers.docker.operators.docker.DockerOperator","filename":"docker.py","lineno":71}
{"timestamp":"2026-06-01T11:01:26.729961Z","level":"info","event":"2026-06-01 11:01:26 - pollution_crawler - INFO - Đang lấy dữ liệu cho: Khánh Hòa, VN","logger":"airflow.task.operators.airflow.providers.docker.operators.docker.DockerOperator","filename":"docker.py","lineno":71}
{"timestamp":"2026-06-01T11:01:28.567394Z","level":"info","event":"2026-06-01 11:01:28 - pollution_fetcher_v1 - INFO - Đã lấy thành công dữ liệu tại tọa độ 12.2980751, 108.9950386","logger":"airflow.task.operators.airflow.providers.docker.operators.docker.DockerOperator","filename":"docker.py","lineno":71}
{"timestamp":"2026-06-01T11:01:29.028399Z","level":"info","event":"2026-06-01 11:01:29 - pollution_fetcher_v2 - INFO - Đã lấy thành công dữ liệu tại tọa độ 12.2980751, 108.9950386","logger":"airflow.task.operators.airflow.providers.docker.operators.docker.DockerOperator","filename":"docker.py","lineno":71}
{"timestamp":"2026-06-01T11:01:29.032031Z","level":"info","event":"2026-06-01 11:01:29 - kafka_producer - INFO - Đã gửi tới pollution_data: partition: 0 | offset: 16","logger":"airflow.task.operators.airflow.providers.docker.operators.docker.DockerOperator","filename":"docker.py","lineno":71}
{"timestamp":"2026-06-01T11:01:29.229693Z","level":"info","event":"2026-06-01 11:01:29 - pollution_crawler - INFO - Đang lấy dữ liệu cho: Lai Châu, VN","logger":"airflow.task.operators.airflow.providers.docker.operators.docker.DockerOperator","filename":"docker.py","lineno":71}
{"timestamp":"2026-06-01T11:01:30.728559Z","level":"info","event":"2026-06-01 11:01:30 - pollution_fetcher_v1 - INFO - Đã lấy thành công dữ liệu tại tọa độ 22.3996612, 103.4516882","logger":"airflow.task.operators.airflow.providers.docker.operators.docker.DockerOperator","filename":"docker.py","lineno":71}
{"timestamp":"2026-06-01T11:01:31.103681Z","level":"info","event":"2026-06-01 11:01:31 - pollution_fetcher_v2 - INFO - Đã lấy thành công dữ liệu tại tọa độ 22.3996612, 103.4516882","logger":"airflow.task.operators.airflow.providers.docker.operators.docker.DockerOperator","filename":"docker.py","lineno":71}
{"timestamp":"2026-06-01T11:01:31.105109Z","level":"info","event":"2026-06-01 11:01:31 - kafka_producer - INFO - Đã gửi tới pollution_data: partition: 0 | offset: 17","logger":"airflow.task.operators.airflow.providers.docker.operators.docker.DockerOperator","filename":"docker.py","lineno":71}
{"timestamp":"2026-06-01T11:01:31.305604Z","level":"info","event":"2026-06-01 11:01:31 - pollution_crawler - INFO - Đang lấy dữ liệu cho: Lâm Đồng, VN","logger":"airflow.task.operators.airflow.providers.docker.operators.docker.DockerOperator","filename":"docker.py","lineno":71}
{"timestamp":"2026-06-01T11:01:32.599115Z","level":"info","event":"2026-06-01 11:01:32 - pollution_fetcher_v1 - INFO - Đã lấy thành công dữ liệu tại tọa độ 11.6614957, 108.1335279","logger":"airflow.task.operators.airflow.providers.docker.operators.docker.DockerOperator","filename":"docker.py","lineno":71}
{"timestamp":"2026-06-01T11:01:33.067803Z","level":"info","event":"2026-06-01 11:01:33 - pollution_fetcher_v2 - INFO - Đã lấy thành công dữ liệu tại tọa độ 11.6614957, 108.1335279","logger":"airflow.task.operators.airflow.providers.docker.operators.docker.DockerOperator","filename":"docker.py","lineno":71}
{"timestamp":"2026-06-01T11:01:33.068846Z","level":"info","event":"2026-06-01 11:01:33 - kafka_producer - INFO - Đã gửi tới pollution_data: partition: 0 | offset: 18","logger":"airflow.task.operators.airflow.providers.docker.operators.docker.DockerOperator","filename":"docker.py","lineno":71}
{"timestamp":"2026-06-01T11:01:33.269302Z","level":"info","event":"2026-06-01 11:01:33 - pollution_crawler - INFO - Đang lấy dữ liệu cho: Lạng Sơn, VN","logger":"airflow.task.operators.airflow.providers.docker.operators.docker.DockerOperator","filename":"docker.py","lineno":71}
{"timestamp":"2026-06-01T11:01:34.910356Z","level":"info","event":"2026-06-01 11:01:34 - pollution_fetcher_v1 - INFO - Đã lấy thành công dữ liệu tại tọa độ 21.853708, 106.761519","logger":"airflow.task.operators.airflow.providers.docker.operators.docker.DockerOperator","filename":"docker.py","lineno":71}
{"timestamp":"2026-06-01T11:01:35.575718Z","level":"info","event":"2026-06-01 11:01:35 - pollution_fetcher_v2 - INFO - Đã lấy thành công dữ liệu tại tọa độ 21.853708, 106.761519","logger":"airflow.task.operators.airflow.providers.docker.operators.docker.DockerOperator","filename":"docker.py","lineno":71}
{"timestamp":"2026-06-01T11:01:35.578102Z","level":"info","event":"2026-06-01 11:01:35 - kafka_producer - INFO - Đã gửi tới pollution_data: partition: 0 | offset: 19","logger":"airflow.task.operators.airflow.providers.docker.operators.docker.DockerOperator","filename":"docker.py","lineno":71}
{"timestamp":"2026-06-01T11:01:35.780006Z","level":"info","event":"2026-06-01 11:01:35 - pollution_crawler - INFO - Đang lấy dữ liệu cho: Lào Cai, VN","logger":"airflow.task.operators.airflow.providers.docker.operators.docker.DockerOperator","filename":"docker.py","lineno":71}
{"timestamp":"2026-06-01T11:01:37.647720Z","level":"info","event":"2026-06-01 11:01:37 - pollution_fetcher_v1 - INFO - Đã lấy thành công dữ liệu tại tọa độ 22.5003944, 103.96562","logger":"airflow.task.operators.airflow.providers.docker.operators.docker.DockerOperator","filename":"docker.py","lineno":71}
{"timestamp":"2026-06-01T11:01:38.207025Z","level":"info","event":"2026-06-01 11:01:38 - pollution_fetcher_v2 - INFO - Đã lấy thành công dữ liệu tại tọa độ 22.5003944, 103.96562","logger":"airflow.task.operators.airflow.providers.docker.operators.docker.DockerOperator","filename":"docker.py","lineno":71}
{"timestamp":"2026-06-01T11:01:38.209011Z","level":"info","event":"2026-06-01 11:01:38 - kafka_producer - INFO - Đã gửi tới pollution_data: partition: 0 | offset: 20","logger":"airflow.task.operators.airflow.providers.docker.operators.docker.DockerOperator","filename":"docker.py","lineno":71}
{"timestamp":"2026-06-01T11:01:38.409909Z","level":"info","event":"2026-06-01 11:01:38 - pollution_crawler - INFO - Đang lấy dữ liệu cho: Nghệ An, VN","logger":"airflow.task.operators.airflow.providers.docker.operators.docker.DockerOperator","filename":"docker.py","lineno":71}
{"timestamp":"2026-06-01T11:01:40.458166Z","level":"info","event":"2026-06-01 11:01:40 - pollution_fetcher_v1 - INFO - Đã lấy thành công dữ liệu tại tọa độ 19.1976001, 105.060676","logger":"airflow.task.operators.airflow.providers.docker.operators.docker.DockerOperator","filename":"docker.py","lineno":71}
{"timestamp":"2026-06-01T11:01:41.169610Z","level":"info","event":"2026-06-01 11:01:41 - pollution_fetcher_v2 - INFO - Đã lấy thành công dữ liệu tại tọa độ 19.1976001, 105.060676","logger":"airflow.task.operators.airflow.providers.docker.operators.docker.DockerOperator","filename":"docker.py","lineno":71}
{"timestamp":"2026-06-01T11:01:41.171664Z","level":"info","event":"2026-06-01 11:01:41 - kafka_producer - INFO - Đã gửi tới pollution_data: partition: 0 | offset: 21","logger":"airflow.task.operators.airflow.providers.docker.operators.docker.DockerOperator","filename":"docker.py","lineno":71}
{"timestamp":"2026-06-01T11:01:41.372217Z","level":"info","event":"2026-06-01 11:01:41 - pollution_crawler - INFO - Đang lấy dữ liệu cho: Ninh Bình, VN","logger":"airflow.task.operators.airflow.providers.docker.operators.docker.DockerOperator","filename":"docker.py","lineno":71}
{"timestamp":"2026-06-01T11:01:42.982652Z","level":"info","event":"2026-06-01 11:01:42 - pollution_fetcher_v1 - INFO - Đã lấy thành công dữ liệu tại tọa độ 20.2506149, 105.9744536","logger":"airflow.task.operators.airflow.providers.docker.operators.docker.DockerOperator","filename":"docker.py","lineno":71}
{"timestamp":"2026-06-01T11:01:47.564261Z","level":"info","event":"2026-06-01 11:01:47 - pollution_fetcher_v2 - INFO - Đã lấy thành công dữ liệu tại tọa độ 20.2506149, 105.9744536","logger":"airflow.task.operators.airflow.providers.docker.operators.docker.DockerOperator","filename":"docker.py","lineno":71}
{"timestamp":"2026-06-01T11:01:47.565484Z","level":"info","event":"2026-06-01 11:01:47 - kafka_producer - INFO - Đã gửi tới pollution_data: partition: 0 | offset: 22","logger":"airflow.task.operators.airflow.providers.docker.operators.docker.DockerOperator","filename":"docker.py","lineno":71}
{"timestamp":"2026-06-01T11:01:47.766024Z","level":"info","event":"2026-06-01 11:01:47 - pollution_crawler - INFO - Đang lấy dữ liệu cho: Phú Thọ, VN","logger":"airflow.task.operators.airflow.providers.docker.operators.docker.DockerOperator","filename":"docker.py","lineno":71}
{"timestamp":"2026-06-01T11:01:50.837172Z","level":"info","event":"2026-06-01 11:01:50 - pollution_fetcher_v1 - INFO - Đã lấy thành công dữ liệu tại tọa độ 21.3007538, 105.1349604","logger":"airflow.task.operators.airflow.providers.docker.operators.docker.DockerOperator","filename":"docker.py","lineno":71}
{"timestamp":"2026-06-01T11:01:51.627861Z","level":"info","event":"2026-06-01 11:01:51 - pollution_fetcher_v2 - INFO - Đã lấy thành công dữ liệu tại tọa độ 21.3007538, 105.1349604","logger":"airflow.task.operators.airflow.providers.docker.operators.docker.DockerOperator","filename":"docker.py","lineno":71}
{"timestamp":"2026-06-01T11:01:51.629513Z","level":"info","event":"2026-06-01 11:01:51 - kafka_producer - INFO - Đã gửi tới pollution_data: partition: 0 | offset: 23","logger":"airflow.task.operators.airflow.providers.docker.operators.docker.DockerOperator","filename":"docker.py","lineno":71}
{"timestamp":"2026-06-01T11:01:51.831857Z","level":"info","event":"2026-06-01 11:01:51 - pollution_crawler - INFO - Đang lấy dữ liệu cho: Quảng Ngãi, VN","logger":"airflow.task.operators.airflow.providers.docker.operators.docker.DockerOperator","filename":"docker.py","lineno":71}
{"timestamp":"2026-06-01T11:01:53.133234Z","level":"info","event":"2026-06-01 11:01:53 - pollution_fetcher_v1 - INFO - Đã lấy thành công dữ liệu tại tọa độ 15.1213873, 108.8044145","logger":"airflow.task.operators.airflow.providers.docker.operators.docker.DockerOperator","filename":"docker.py","lineno":71}
{"timestamp":"2026-06-01T11:01:53.433565Z","level":"info","event":"2026-06-01 11:01:53 - pollution_fetcher_v2 - INFO - Đã lấy thành công dữ liệu tại tọa độ 15.1213873, 108.8044145","logger":"airflow.task.operators.airflow.providers.docker.operators.docker.DockerOperator","filename":"docker.py","lineno":71}
{"timestamp":"2026-06-01T11:01:53.435360Z","level":"info","event":"2026-06-01 11:01:53 - kafka_producer - INFO - Đã gửi tới pollution_data: partition: 0 | offset: 24","logger":"airflow.task.operators.airflow.providers.docker.operators.docker.DockerOperator","filename":"docker.py","lineno":71}
{"timestamp":"2026-06-01T11:01:53.636452Z","level":"info","event":"2026-06-01 11:01:53 - pollution_crawler - INFO - Đang lấy dữ liệu cho: Quảng Ninh, VN","logger":"airflow.task.operators.airflow.providers.docker.operators.docker.DockerOperator","filename":"docker.py","lineno":71}
{"timestamp":"2026-06-01T11:01:54.895670Z","level":"info","event":"2026-06-01 11:01:54 - pollution_fetcher_v1 - INFO - Đã lấy thành công dữ liệu tại tọa độ 21.1718046, 107.2012742","logger":"airflow.task.operators.airflow.providers.docker.operators.docker.DockerOperator","filename":"docker.py","lineno":71}
{"timestamp":"2026-06-01T11:01:55.294049Z","level":"info","event":"2026-06-01 11:01:55 - pollution_fetcher_v2 - INFO - Đã lấy thành công dữ liệu tại tọa độ 21.1718046, 107.2012742","logger":"airflow.task.operators.airflow.providers.docker.operators.docker.DockerOperator","filename":"docker.py","lineno":71}
{"timestamp":"2026-06-01T11:01:55.295766Z","level":"info","event":"2026-06-01 11:01:55 - kafka_producer - INFO - Đã gửi tới pollution_data: partition: 0 | offset: 25","logger":"airflow.task.operators.airflow.providers.docker.operators.docker.DockerOperator","filename":"docker.py","lineno":71}
{"timestamp":"2026-06-01T11:01:55.496637Z","level":"info","event":"2026-06-01 11:01:55 - pollution_crawler - INFO - Đang lấy dữ liệu cho: Quảng Trị, VN","logger":"airflow.task.operators.airflow.providers.docker.operators.docker.DockerOperator","filename":"docker.py","lineno":71}
{"timestamp":"2026-06-01T11:01:56.780268Z","level":"info","event":"2026-06-01 11:01:56 - pollution_fetcher_v1 - INFO - Đã lấy thành công dữ liệu tại tọa độ 17.3024666, 106.6624287","logger":"airflow.task.operators.airflow.providers.docker.operators.docker.DockerOperator","filename":"docker.py","lineno":71}
{"timestamp":"2026-06-01T11:01:57.202224Z","level":"info","event":"2026-06-01 11:01:57 - pollution_fetcher_v2 - INFO - Đã lấy thành công dữ liệu tại tọa độ 17.3024666, 106.6624287","logger":"airflow.task.operators.airflow.providers.docker.operators.docker.DockerOperator","filename":"docker.py","lineno":71}
{"timestamp":"2026-06-01T11:01:57.223177Z","level":"info","event":"2026-06-01 11:01:57 - kafka_producer - INFO - Đã gửi tới pollution_data: partition: 0 | offset: 26","logger":"airflow.task.operators.airflow.providers.docker.operators.docker.DockerOperator","filename":"docker.py","lineno":71}
{"timestamp":"2026-06-01T11:01:57.423694Z","level":"info","event":"2026-06-01 11:01:57 - pollution_crawler - INFO - Đang lấy dữ liệu cho: Sơn La, VN","logger":"airflow.task.operators.airflow.providers.docker.operators.docker.DockerOperator","filename":"docker.py","lineno":71}
{"timestamp":"2026-06-01T11:01:58.720531Z","level":"info","event":"2026-06-01 11:01:58 - pollution_fetcher_v1 - INFO - Đã lấy thành công dữ liệu tại tọa độ 21.3269601, 103.9143842","logger":"airflow.task.operators.airflow.providers.docker.operators.docker.DockerOperator","filename":"docker.py","lineno":71}
{"timestamp":"2026-06-01T11:01:59.120552Z","level":"info","event":"2026-06-01 11:01:59 - pollution_fetcher_v2 - INFO - Đã lấy thành công dữ liệu tại tọa độ 21.3269601, 103.9143842","logger":"airflow.task.operators.airflow.providers.docker.operators.docker.DockerOperator","filename":"docker.py","lineno":71}
{"timestamp":"2026-06-01T11:01:59.123404Z","level":"info","event":"2026-06-01 11:01:59 - kafka_producer - INFO - Đã gửi tới pollution_data: partition: 0 | offset: 27","logger":"airflow.task.operators.airflow.providers.docker.operators.docker.DockerOperator","filename":"docker.py","lineno":71}
{"timestamp":"2026-06-01T11:01:59.324463Z","level":"info","event":"2026-06-01 11:01:59 - pollution_crawler - INFO - Đang lấy dữ liệu cho: Tây Ninh, VN","logger":"airflow.task.operators.airflow.providers.docker.operators.docker.DockerOperator","filename":"docker.py","lineno":71}
{"timestamp":"2026-06-01T11:02:00.611045Z","level":"info","event":"2026-06-01 11:02:00 - pollution_fetcher_v1 - INFO - Đã lấy thành công dữ liệu tại tọa độ 11.3136555, 106.0966969","logger":"airflow.task.operators.airflow.providers.docker.operators.docker.DockerOperator","filename":"docker.py","lineno":71}
{"timestamp":"2026-06-01T11:02:00.973229Z","level":"info","event":"2026-06-01 11:02:00 - pollution_fetcher_v2 - INFO - Đã lấy thành công dữ liệu tại tọa độ 11.3136555, 106.0966969","logger":"airflow.task.operators.airflow.providers.docker.operators.docker.DockerOperator","filename":"docker.py","lineno":71}
{"timestamp":"2026-06-01T11:02:00.976188Z","level":"info","event":"2026-06-01 11:02:00 - kafka_producer - INFO - Đã gửi tới pollution_data: partition: 0 | offset: 28","logger":"airflow.task.operators.airflow.providers.docker.operators.docker.DockerOperator","filename":"docker.py","lineno":71}
{"timestamp":"2026-06-01T11:02:01.176235Z","level":"info","event":"2026-06-01 11:02:01 - pollution_crawler - INFO - Đang lấy dữ liệu cho: Thái Nguyên, VN","logger":"airflow.task.operators.airflow.providers.docker.operators.docker.DockerOperator","filename":"docker.py","lineno":71}
{"timestamp":"2026-06-01T11:02:02.441121Z","level":"info","event":"2026-06-01 11:02:02 - pollution_fetcher_v1 - INFO - Đã lấy thành công dữ liệu tại tọa độ 21.5954448, 105.8386957","logger":"airflow.task.operators.airflow.providers.docker.operators.docker.DockerOperator","filename":"docker.py","lineno":71}
{"timestamp":"2026-06-01T11:02:02.906553Z","level":"info","event":"2026-06-01 11:02:02 - pollution_fetcher_v2 - INFO - Đã lấy thành công dữ liệu tại tọa độ 21.5954448, 105.8386957","logger":"airflow.task.operators.airflow.providers.docker.operators.docker.DockerOperator","filename":"docker.py","lineno":71}
{"timestamp":"2026-06-01T11:02:02.909259Z","level":"info","event":"2026-06-01 11:02:02 - kafka_producer - INFO - Đã gửi tới pollution_data: partition: 0 | offset: 29","logger":"airflow.task.operators.airflow.providers.docker.operators.docker.DockerOperator","filename":"docker.py","lineno":71}
{"timestamp":"2026-06-01T11:02:03.111424Z","level":"info","event":"2026-06-01 11:02:03 - pollution_crawler - INFO - Đang lấy dữ liệu cho: Thanh Hóa, VN","logger":"airflow.task.operators.airflow.providers.docker.operators.docker.DockerOperator","filename":"docker.py","lineno":71}
{"timestamp":"2026-06-01T11:02:04.401614Z","level":"info","event":"2026-06-01 11:02:04 - pollution_fetcher_v1 - INFO - Đã lấy thành công dữ liệu tại tọa độ 19.806692, 105.7851816","logger":"airflow.task.operators.airflow.providers.docker.operators.docker.DockerOperator","filename":"docker.py","lineno":71}
{"timestamp":"2026-06-01T11:02:04.794237Z","level":"info","event":"2026-06-01 11:02:04 - pollution_fetcher_v2 - INFO - Đã lấy thành công dữ liệu tại tọa độ 19.806692, 105.7851816","logger":"airflow.task.operators.airflow.providers.docker.operators.docker.DockerOperator","filename":"docker.py","lineno":71}
{"timestamp":"2026-06-01T11:02:04.797337Z","level":"info","event":"2026-06-01 11:02:04 - kafka_producer - INFO - Đã gửi tới pollution_data: partition: 0 | offset: 30","logger":"airflow.task.operators.airflow.providers.docker.operators.docker.DockerOperator","filename":"docker.py","lineno":71}
{"timestamp":"2026-06-01T11:02:04.999462Z","level":"info","event":"2026-06-01 11:02:04 - pollution_crawler - INFO - Đang lấy dữ liệu cho: Thừa Thiên-Huế, VN","logger":"airflow.task.operators.airflow.providers.docker.operators.docker.DockerOperator","filename":"docker.py","lineno":71}
{"timestamp":"2026-06-01T11:02:06.445015Z","level":"info","event":"2026-06-01 11:02:06 - pollution_fetcher_v1 - INFO - Đã lấy thành công dữ liệu tại tọa độ 16.5530473, 107.6900375","logger":"airflow.task.operators.airflow.providers.docker.operators.docker.DockerOperator","filename":"docker.py","lineno":71}
{"timestamp":"2026-06-01T11:02:07.140052Z","level":"info","event":"2026-06-01 11:02:07 - pollution_fetcher_v2 - INFO - Đã lấy thành công dữ liệu tại tọa độ 16.5530473, 107.6900375","logger":"airflow.task.operators.airflow.providers.docker.operators.docker.DockerOperator","filename":"docker.py","lineno":71}
{"timestamp":"2026-06-01T11:02:07.141213Z","level":"info","event":"2026-06-01 11:02:07 - kafka_producer - INFO - Đã gửi tới pollution_data: partition: 0 | offset: 31","logger":"airflow.task.operators.airflow.providers.docker.operators.docker.DockerOperator","filename":"docker.py","lineno":71}
{"timestamp":"2026-06-01T11:02:07.341835Z","level":"info","event":"2026-06-01 11:02:07 - pollution_crawler - INFO - Đang lấy dữ liệu cho: Tuyên Quang, VN","logger":"airflow.task.operators.airflow.providers.docker.operators.docker.DockerOperator","filename":"docker.py","lineno":71}
{"timestamp":"2026-06-01T11:02:09.461108Z","level":"info","event":"2026-06-01 11:02:09 - pollution_fetcher_v1 - INFO - Đã lấy thành công dữ liệu tại tọa độ 21.8192281, 105.2149355","logger":"airflow.task.operators.airflow.providers.docker.operators.docker.DockerOperator","filename":"docker.py","lineno":71}
{"timestamp":"2026-06-01T11:02:10.094494Z","level":"info","event":"2026-06-01 11:02:10 - pollution_fetcher_v2 - INFO - Đã lấy thành công dữ liệu tại tọa độ 21.8192281, 105.2149355","logger":"airflow.task.operators.airflow.providers.docker.operators.docker.DockerOperator","filename":"docker.py","lineno":71}
{"timestamp":"2026-06-01T11:02:10.133366Z","level":"info","event":"2026-06-01 11:02:10 - kafka_producer - INFO - Đã gửi tới pollution_data: partition: 0 | offset: 32","logger":"airflow.task.operators.airflow.providers.docker.operators.docker.DockerOperator","filename":"docker.py","lineno":71}
{"timestamp":"2026-06-01T11:02:10.331627Z","level":"info","event":"2026-06-01 11:02:10 - pollution_crawler - INFO - Đang lấy dữ liệu cho: Vĩnh Long, VN","logger":"airflow.task.operators.airflow.providers.docker.operators.docker.DockerOperator","filename":"docker.py","lineno":71}
{"timestamp":"2026-06-01T11:02:12.228137Z","level":"info","event":"2026-06-01 11:02:12 - pollution_fetcher_v1 - INFO - Đã lấy thành công dữ liệu tại tọa độ 10.254809, 105.9714673","logger":"airflow.task.operators.airflow.providers.docker.operators.docker.DockerOperator","filename":"docker.py","lineno":71}
{"timestamp":"2026-06-01T11:02:12.772733Z","level":"info","event":"2026-06-01 11:02:12 - pollution_fetcher_v2 - INFO - Đã lấy thành công dữ liệu tại tọa độ 10.254809, 105.9714673","logger":"airflow.task.operators.airflow.providers.docker.operators.docker.DockerOperator","filename":"docker.py","lineno":71}
{"timestamp":"2026-06-01T11:02:12.832593Z","level":"info","event":"2026-06-01 11:02:12 - kafka_producer - INFO - Đã gửi tới pollution_data: partition: 0 | offset: 33","logger":"airflow.task.operators.airflow.providers.docker.operators.docker.DockerOperator","filename":"docker.py","lineno":71}
{"timestamp":"2026-06-01T11:02:13.031318Z","level":"info","event":"2026-06-01 11:02:13 - pollution_crawler - INFO - Đã tắt Pollution Crawler","logger":"airflow.task.operators.airflow.providers.docker.operators.docker.DockerOperator","filename":"docker.py","lineno":71}
{"timestamp":"2026-06-01T11:02:13.825961Z","level":"info","event":"Pushing xcom","ti":"RuntimeTaskInstance(id=UUID('019e82d7-4461-78c2-91aa-2c9e6df95e44'), task_id='pollution_crawler_task', dag_id='crawler_pipeline', run_id='scheduled__2026-06-01T10:35:00+00:00', try_number=1, dag_version_id=UUID('019e82d7-429b-7b1f-a1c1-9fa208fbff6f'), map_index=-1, hostname='58311b52f954', context_carrier={'traceparent': '00-e58b459d31ee32367cc150b8994d7a40-7b7eb5bee1e3427a-01'}, task=<Task(DockerOperator): pollution_crawler_task>, bundle_instance=LocalDagBundle(name=dags-folder), max_tries=0, start_date=datetime.datetime(2026, 6, 1, 11, 0, 6, 884633, tzinfo=datetime.timezone.utc), end_date=None, state=<TaskInstanceState.RUNNING: 'running'>, is_mapped=False, rendered_map_index=None, sentry_integration='')","logger":"task","filename":"task_runner.py","lineno":1724}
