{"timestamp":"2026-06-01T11:00:11.177334Z","level":"info","event":"DAG bundles loaded: dags-folder","logger":"airflow.dag_processing.bundles.manager.DagBundlesManager","filename":"manager.py","lineno":209}
{"timestamp":"2026-06-01T11:00:11.180007Z","level":"info","event":"Filling up the DagBag from /opt/airflow/dags/crawler_dag.py","logger":"airflow.dag_processing.dagbag.BundleDagBag","filename":"dagbag.py","lineno":469}
{"timestamp":"2026-06-01T11:00:19.541445Z","level":"info","event":"Starting docker container from image crawler_image:1.0.0","logger":"airflow.task.operators.airflow.providers.docker.operators.docker.DockerOperator","filename":"docker.py","lineno":367}
{"timestamp":"2026-06-01T11:00:20.411946Z","level":"info","event":"2026-06-01 11:00:20 - weather_crawler - INFO - Khởi động Weather Crawler","logger":"airflow.task.operators.airflow.providers.docker.operators.docker.DockerOperator","filename":"docker.py","lineno":71}
{"timestamp":"2026-06-01T11:00:20.412113Z","level":"info","event":"2026-06-01 11:00:20 - weather_crawler - INFO - Đang lấy dữ liệu cho: An Giang, VN","logger":"airflow.task.operators.airflow.providers.docker.operators.docker.DockerOperator","filename":"docker.py","lineno":71}
{"timestamp":"2026-06-01T11:00:22.068505Z","level":"info","event":"2026-06-01 11:00:22 - weather_fetcher - WARNING - Key thứ 1 đã hết quota","logger":"airflow.task.operators.airflow.providers.docker.operators.docker.DockerOperator","filename":"docker.py","lineno":71}
{"timestamp":"2026-06-01T11:00:23.499892Z","level":"info","event":"2026-06-01 11:00:23 - weather_fetcher - WARNING - Key thứ 2 đã hết quota","logger":"airflow.task.operators.airflow.providers.docker.operators.docker.DockerOperator","filename":"docker.py","lineno":71}
{"timestamp":"2026-06-01T11:00:24.662061Z","level":"info","event":"2026-06-01 11:00:24 - weather_fetcher - WARNING - Key thứ 3 đã hết quota","logger":"airflow.task.operators.airflow.providers.docker.operators.docker.DockerOperator","filename":"docker.py","lineno":71}
{"timestamp":"2026-06-01T11:00:31.352114Z","level":"info","event":"2026-06-01 11:00:31 - weather_fetcher - INFO - Đã lấy thành công dữ liệu tại tọa độ 10.3188672, 105.0432488","logger":"airflow.task.operators.airflow.providers.docker.operators.docker.DockerOperator","filename":"docker.py","lineno":71}
{"timestamp":"2026-06-01T11:00:31.415832Z","level":"info","event":"2026-06-01 11:00:31 - kafka_producer - INFO - Đã gửi tới weather_data: partition: 0 | offset: 0","logger":"airflow.task.operators.airflow.providers.docker.operators.docker.DockerOperator","filename":"docker.py","lineno":71}
{"timestamp":"2026-06-01T11:00:31.415962Z","level":"info","event":"2026-06-01 11:00:31 - weather_crawler - INFO - Đang lấy dữ liệu cho: Bắc Ninh, VN","logger":"airflow.task.operators.airflow.providers.docker.operators.docker.DockerOperator","filename":"docker.py","lineno":71}
{"timestamp":"2026-06-01T11:00:32.461982Z","level":"info","event":"2026-06-01 11:00:32 - weather_fetcher - INFO - Đã lấy thành công dữ liệu tại tọa độ 21.1781515, 106.0710078","logger":"airflow.task.operators.airflow.providers.docker.operators.docker.DockerOperator","filename":"docker.py","lineno":71}
{"timestamp":"2026-06-01T11:00:32.464302Z","level":"info","event":"2026-06-01 11:00:32 - kafka_producer - INFO - Đã gửi tới weather_data: partition: 0 | offset: 1","logger":"airflow.task.operators.airflow.providers.docker.operators.docker.DockerOperator","filename":"docker.py","lineno":71}
{"timestamp":"2026-06-01T11:00:32.464415Z","level":"info","event":"2026-06-01 11:00:32 - weather_crawler - INFO - Đang lấy dữ liệu cho: Cà Mau, VN","logger":"airflow.task.operators.airflow.providers.docker.operators.docker.DockerOperator","filename":"docker.py","lineno":71}
{"timestamp":"2026-06-01T11:00:34.243302Z","level":"info","event":"2026-06-01 11:00:34 - weather_fetcher - INFO - Đã lấy thành công dữ liệu tại tọa độ 9.1762003, 105.1508415","logger":"airflow.task.operators.airflow.providers.docker.operators.docker.DockerOperator","filename":"docker.py","lineno":71}
{"timestamp":"2026-06-01T11:00:34.245480Z","level":"info","event":"2026-06-01 11:00:34 - kafka_producer - INFO - Đã gửi tới weather_data: partition: 0 | offset: 2","logger":"airflow.task.operators.airflow.providers.docker.operators.docker.DockerOperator","filename":"docker.py","lineno":71}
{"timestamp":"2026-06-01T11:00:34.245576Z","level":"info","event":"2026-06-01 11:00:34 - weather_crawler - INFO - Đang lấy dữ liệu cho: Cần Thơ, VN","logger":"airflow.task.operators.airflow.providers.docker.operators.docker.DockerOperator","filename":"docker.py","lineno":71}
{"timestamp":"2026-06-01T11:00:39.356288Z","level":"info","event":"2026-06-01 11:00:39 - weather_fetcher - INFO - Đã lấy thành công dữ liệu tại tọa độ 10.0364634, 105.7875821","logger":"airflow.task.operators.airflow.providers.docker.operators.docker.DockerOperator","filename":"docker.py","lineno":71}
{"timestamp":"2026-06-01T11:00:39.360405Z","level":"info","event":"2026-06-01 11:00:39 - kafka_producer - INFO - Đã gửi tới weather_data: partition: 0 | offset: 3","logger":"airflow.task.operators.airflow.providers.docker.operators.docker.DockerOperator","filename":"docker.py","lineno":71}
{"timestamp":"2026-06-01T11:00:39.360521Z","level":"info","event":"2026-06-01 11:00:39 - weather_crawler - INFO - Đang lấy dữ liệu cho: Cao Bằng, VN","logger":"airflow.task.operators.airflow.providers.docker.operators.docker.DockerOperator","filename":"docker.py","lineno":71}
{"timestamp":"2026-06-01T11:00:40.996310Z","level":"info","event":"2026-06-01 11:00:40 - weather_fetcher - INFO - Đã lấy thành công dữ liệu tại tọa độ 22.665781, 106.2587824","logger":"airflow.task.operators.airflow.providers.docker.operators.docker.DockerOperator","filename":"docker.py","lineno":71}
{"timestamp":"2026-06-01T11:00:40.998629Z","level":"info","event":"2026-06-01 11:00:40 - kafka_producer - INFO - Đã gửi tới weather_data: partition: 0 | offset: 4","logger":"airflow.task.operators.airflow.providers.docker.operators.docker.DockerOperator","filename":"docker.py","lineno":71}
{"timestamp":"2026-06-01T11:00:40.998917Z","level":"info","event":"2026-06-01 11:00:40 - weather_crawler - INFO - Đang lấy dữ liệu cho: Đắk Lắk, VN","logger":"airflow.task.operators.airflow.providers.docker.operators.docker.DockerOperator","filename":"docker.py","lineno":71}
{"timestamp":"2026-06-01T11:00:46.421529Z","level":"info","event":"2026-06-01 11:00:46 - weather_fetcher - INFO - Đã lấy thành công dữ liệu tại tọa độ 12.8741856, 108.7979302","logger":"airflow.task.operators.airflow.providers.docker.operators.docker.DockerOperator","filename":"docker.py","lineno":71}
{"timestamp":"2026-06-01T11:00:46.423423Z","level":"info","event":"2026-06-01 11:00:46 - kafka_producer - INFO - Đã gửi tới weather_data: partition: 0 | offset: 5","logger":"airflow.task.operators.airflow.providers.docker.operators.docker.DockerOperator","filename":"docker.py","lineno":71}
{"timestamp":"2026-06-01T11:00:46.423525Z","level":"info","event":"2026-06-01 11:00:46 - weather_crawler - INFO - Đang lấy dữ liệu cho: Đà Nẵng, VN","logger":"airflow.task.operators.airflow.providers.docker.operators.docker.DockerOperator","filename":"docker.py","lineno":71}
{"timestamp":"2026-06-01T11:00:51.657151Z","level":"info","event":"2026-06-01 11:00:51 - weather_fetcher - INFO - Đã lấy thành công dữ liệu tại tọa độ 16.068, 108.212","logger":"airflow.task.operators.airflow.providers.docker.operators.docker.DockerOperator","filename":"docker.py","lineno":71}
{"timestamp":"2026-06-01T11:00:51.659101Z","level":"info","event":"2026-06-01 11:00:51 - kafka_producer - INFO - Đã gửi tới weather_data: partition: 0 | offset: 6","logger":"airflow.task.operators.airflow.providers.docker.operators.docker.DockerOperator","filename":"docker.py","lineno":71}
{"timestamp":"2026-06-01T11:00:51.659208Z","level":"info","event":"2026-06-01 11:00:51 - weather_crawler - INFO - Đang lấy dữ liệu cho: Điện Biên, VN","logger":"airflow.task.operators.airflow.providers.docker.operators.docker.DockerOperator","filename":"docker.py","lineno":71}
{"timestamp":"2026-06-01T11:00:56.656969Z","level":"info","event":"2026-06-01 11:00:56 - weather_fetcher - INFO - Đã lấy thành công dữ liệu tại tọa độ 21.6546566, 103.2168632","logger":"airflow.task.operators.airflow.providers.docker.operators.docker.DockerOperator","filename":"docker.py","lineno":71}
{"timestamp":"2026-06-01T11:00:56.659382Z","level":"info","event":"2026-06-01 11:00:56 - kafka_producer - INFO - Đã gửi tới weather_data: partition: 0 | offset: 7","logger":"airflow.task.operators.airflow.providers.docker.operators.docker.DockerOperator","filename":"docker.py","lineno":71}
{"timestamp":"2026-06-01T11:00:56.659495Z","level":"info","event":"2026-06-01 11:00:56 - weather_crawler - INFO - Đang lấy dữ liệu cho: Đồng Nai, VN","logger":"airflow.task.operators.airflow.providers.docker.operators.docker.DockerOperator","filename":"docker.py","lineno":71}
{"timestamp":"2026-06-01T11:00:59.651239Z","level":"info","event":"2026-06-01 11:00:59 - weather_fetcher - INFO - Đã lấy thành công dữ liệu tại tọa độ 11.4285446, 107.1624245","logger":"airflow.task.operators.airflow.providers.docker.operators.docker.DockerOperator","filename":"docker.py","lineno":71}
{"timestamp":"2026-06-01T11:00:59.653997Z","level":"info","event":"2026-06-01 11:00:59 - kafka_producer - INFO - Đã gửi tới weather_data: partition: 0 | offset: 8","logger":"airflow.task.operators.airflow.providers.docker.operators.docker.DockerOperator","filename":"docker.py","lineno":71}
{"timestamp":"2026-06-01T11:00:59.654154Z","level":"info","event":"2026-06-01 11:00:59 - weather_crawler - INFO - Đang lấy dữ liệu cho: Đồng Tháp, VN","logger":"airflow.task.operators.airflow.providers.docker.operators.docker.DockerOperator","filename":"docker.py","lineno":71}
{"timestamp":"2026-06-01T11:01:01.293214Z","level":"info","event":"2026-06-01 11:01:01 - weather_fetcher - INFO - Đã lấy thành công dữ liệu tại tọa độ 10.425183, 105.9271362","logger":"airflow.task.operators.airflow.providers.docker.operators.docker.DockerOperator","filename":"docker.py","lineno":71}
{"timestamp":"2026-06-01T11:01:01.295485Z","level":"info","event":"2026-06-01 11:01:01 - kafka_producer - INFO - Đã gửi tới weather_data: partition: 0 | offset: 9","logger":"airflow.task.operators.airflow.providers.docker.operators.docker.DockerOperator","filename":"docker.py","lineno":71}
{"timestamp":"2026-06-01T11:01:01.295579Z","level":"info","event":"2026-06-01 11:01:01 - weather_crawler - INFO - Đang lấy dữ liệu cho: Gia Lai, VN","logger":"airflow.task.operators.airflow.providers.docker.operators.docker.DockerOperator","filename":"docker.py","lineno":71}
{"timestamp":"2026-06-01T11:01:02.442002Z","level":"info","event":"2026-06-01 11:01:02 - weather_fetcher - INFO - Đã lấy thành công dữ liệu tại tọa độ 14.0201373, 108.6354524","logger":"airflow.task.operators.airflow.providers.docker.operators.docker.DockerOperator","filename":"docker.py","lineno":71}
{"timestamp":"2026-06-01T11:01:02.444333Z","level":"info","event":"2026-06-01 11:01:02 - kafka_producer - INFO - Đã gửi tới weather_data: partition: 0 | offset: 10","logger":"airflow.task.operators.airflow.providers.docker.operators.docker.DockerOperator","filename":"docker.py","lineno":71}
{"timestamp":"2026-06-01T11:01:02.444418Z","level":"info","event":"2026-06-01 11:01:02 - weather_crawler - INFO - Đang lấy dữ liệu cho: Hải Phòng, VN","logger":"airflow.task.operators.airflow.providers.docker.operators.docker.DockerOperator","filename":"docker.py","lineno":71}
{"timestamp":"2026-06-01T11:01:04.303509Z","level":"info","event":"2026-06-01 11:01:04 - weather_fetcher - INFO - Đã lấy thành công dữ liệu tại tọa độ 20.8623278, 106.6799266","logger":"airflow.task.operators.airflow.providers.docker.operators.docker.DockerOperator","filename":"docker.py","lineno":71}
{"timestamp":"2026-06-01T11:01:04.305686Z","level":"info","event":"2026-06-01 11:01:04 - kafka_producer - INFO - Đã gửi tới weather_data: partition: 0 | offset: 11","logger":"airflow.task.operators.airflow.providers.docker.operators.docker.DockerOperator","filename":"docker.py","lineno":71}
{"timestamp":"2026-06-01T11:01:04.305810Z","level":"info","event":"2026-06-01 11:01:04 - weather_crawler - INFO - Đang lấy dữ liệu cho: Hà Nội, VN","logger":"airflow.task.operators.airflow.providers.docker.operators.docker.DockerOperator","filename":"docker.py","lineno":71}
{"timestamp":"2026-06-01T11:01:05.796868Z","level":"info","event":"2026-06-01 11:01:05 - weather_fetcher - INFO - Đã lấy thành công dữ liệu tại tọa độ 21.0283334, 105.854041","logger":"airflow.task.operators.airflow.providers.docker.operators.docker.DockerOperator","filename":"docker.py","lineno":71}
{"timestamp":"2026-06-01T11:01:05.826702Z","level":"info","event":"2026-06-01 11:01:05 - kafka_producer - INFO - Đã gửi tới weather_data: partition: 0 | offset: 12","logger":"airflow.task.operators.airflow.providers.docker.operators.docker.DockerOperator","filename":"docker.py","lineno":71}
{"timestamp":"2026-06-01T11:01:05.826880Z","level":"info","event":"2026-06-01 11:01:05 - weather_crawler - INFO - Đang lấy dữ liệu cho: Hà Tĩnh, VN","logger":"airflow.task.operators.airflow.providers.docker.operators.docker.DockerOperator","filename":"docker.py","lineno":71}
{"timestamp":"2026-06-01T11:01:07.690033Z","level":"info","event":"2026-06-01 11:01:07 - weather_fetcher - INFO - Đã lấy thành công dữ liệu tại tọa độ 18.338181, 105.8958971","logger":"airflow.task.operators.airflow.providers.docker.operators.docker.DockerOperator","filename":"docker.py","lineno":71}
{"timestamp":"2026-06-01T11:01:07.692061Z","level":"info","event":"2026-06-01 11:01:07 - kafka_producer - INFO - Đã gửi tới weather_data: partition: 0 | offset: 13","logger":"airflow.task.operators.airflow.providers.docker.operators.docker.DockerOperator","filename":"docker.py","lineno":71}
{"timestamp":"2026-06-01T11:01:07.692152Z","level":"info","event":"2026-06-01 11:01:07 - weather_crawler - INFO - Đang lấy dữ liệu cho: Hồ Chí Minh, VN","logger":"airflow.task.operators.airflow.providers.docker.operators.docker.DockerOperator","filename":"docker.py","lineno":71}
{"timestamp":"2026-06-01T11:01:09.093986Z","level":"info","event":"2026-06-01 11:01:09 - weather_fetcher - INFO - Đã lấy thành công dữ liệu tại tọa độ 10.7763897, 106.7011391","logger":"airflow.task.operators.airflow.providers.docker.operators.docker.DockerOperator","filename":"docker.py","lineno":71}
{"timestamp":"2026-06-01T11:01:09.095981Z","level":"info","event":"2026-06-01 11:01:09 - kafka_producer - INFO - Đã gửi tới weather_data: partition: 0 | offset: 14","logger":"airflow.task.operators.airflow.providers.docker.operators.docker.DockerOperator","filename":"docker.py","lineno":71}
{"timestamp":"2026-06-01T11:01:09.096087Z","level":"info","event":"2026-06-01 11:01:09 - weather_crawler - INFO - Đang lấy dữ liệu cho: Hưng Yên, VN","logger":"airflow.task.operators.airflow.providers.docker.operators.docker.DockerOperator","filename":"docker.py","lineno":71}
{"timestamp":"2026-06-01T11:01:11.381521Z","level":"info","event":"2026-06-01 11:01:11 - weather_fetcher - INFO - Đã lấy thành công dữ liệu tại tọa độ 20.6568406, 106.054036","logger":"airflow.task.operators.airflow.providers.docker.operators.docker.DockerOperator","filename":"docker.py","lineno":71}
{"timestamp":"2026-06-01T11:01:11.383426Z","level":"info","event":"2026-06-01 11:01:11 - kafka_producer - INFO - Đã gửi tới weather_data: partition: 0 | offset: 15","logger":"airflow.task.operators.airflow.providers.docker.operators.docker.DockerOperator","filename":"docker.py","lineno":71}
{"timestamp":"2026-06-01T11:01:11.383527Z","level":"info","event":"2026-06-01 11:01:11 - weather_crawler - INFO - Đang lấy dữ liệu cho: Khánh Hòa, VN","logger":"airflow.task.operators.airflow.providers.docker.operators.docker.DockerOperator","filename":"docker.py","lineno":71}
{"timestamp":"2026-06-01T11:01:12.288745Z","level":"info","event":"2026-06-01 11:01:12 - weather_fetcher - INFO - Đã lấy thành công dữ liệu tại tọa độ 12.2980751, 108.9950386","logger":"airflow.task.operators.airflow.providers.docker.operators.docker.DockerOperator","filename":"docker.py","lineno":71}
{"timestamp":"2026-06-01T11:01:12.290618Z","level":"info","event":"2026-06-01 11:01:12 - kafka_producer - INFO - Đã gửi tới weather_data: partition: 0 | offset: 16","logger":"airflow.task.operators.airflow.providers.docker.operators.docker.DockerOperator","filename":"docker.py","lineno":71}
{"timestamp":"2026-06-01T11:01:12.290697Z","level":"info","event":"2026-06-01 11:01:12 - weather_crawler - INFO - Đang lấy dữ liệu cho: Lai Châu, VN","logger":"airflow.task.operators.airflow.providers.docker.operators.docker.DockerOperator","filename":"docker.py","lineno":71}
{"timestamp":"2026-06-01T11:01:13.211508Z","level":"info","event":"2026-06-01 11:01:13 - weather_fetcher - INFO - Đã lấy thành công dữ liệu tại tọa độ 22.3996612, 103.4516882","logger":"airflow.task.operators.airflow.providers.docker.operators.docker.DockerOperator","filename":"docker.py","lineno":71}
{"timestamp":"2026-06-01T11:01:13.216396Z","level":"info","event":"2026-06-01 11:01:13 - kafka_producer - INFO - Đã gửi tới weather_data: partition: 0 | offset: 17","logger":"airflow.task.operators.airflow.providers.docker.operators.docker.DockerOperator","filename":"docker.py","lineno":71}
{"timestamp":"2026-06-01T11:01:13.216610Z","level":"info","event":"2026-06-01 11:01:13 - weather_crawler - INFO - Đang lấy dữ liệu cho: Lâm Đồng, VN","logger":"airflow.task.operators.airflow.providers.docker.operators.docker.DockerOperator","filename":"docker.py","lineno":71}
{"timestamp":"2026-06-01T11:01:14.267293Z","level":"info","event":"2026-06-01 11:01:14 - weather_fetcher - INFO - Đã lấy thành công dữ liệu tại tọa độ 11.6614957, 108.1335279","logger":"airflow.task.operators.airflow.providers.docker.operators.docker.DockerOperator","filename":"docker.py","lineno":71}
{"timestamp":"2026-06-01T11:01:14.269590Z","level":"info","event":"2026-06-01 11:01:14 - kafka_producer - INFO - Đã gửi tới weather_data: partition: 0 | offset: 18","logger":"airflow.task.operators.airflow.providers.docker.operators.docker.DockerOperator","filename":"docker.py","lineno":71}
{"timestamp":"2026-06-01T11:01:14.269704Z","level":"info","event":"2026-06-01 11:01:14 - weather_crawler - INFO - Đang lấy dữ liệu cho: Lạng Sơn, VN","logger":"airflow.task.operators.airflow.providers.docker.operators.docker.DockerOperator","filename":"docker.py","lineno":71}
{"timestamp":"2026-06-01T11:01:15.201353Z","level":"info","event":"2026-06-01 11:01:15 - weather_fetcher - INFO - Đã lấy thành công dữ liệu tại tọa độ 21.853708, 106.761519","logger":"airflow.task.operators.airflow.providers.docker.operators.docker.DockerOperator","filename":"docker.py","lineno":71}
{"timestamp":"2026-06-01T11:01:15.204481Z","level":"info","event":"2026-06-01 11:01:15 - kafka_producer - INFO - Đã gửi tới weather_data: partition: 0 | offset: 19","logger":"airflow.task.operators.airflow.providers.docker.operators.docker.DockerOperator","filename":"docker.py","lineno":71}
{"timestamp":"2026-06-01T11:01:15.204685Z","level":"info","event":"2026-06-01 11:01:15 - weather_crawler - INFO - Đang lấy dữ liệu cho: Lào Cai, VN","logger":"airflow.task.operators.airflow.providers.docker.operators.docker.DockerOperator","filename":"docker.py","lineno":71}
{"timestamp":"2026-06-01T11:01:16.113936Z","level":"info","event":"2026-06-01 11:01:16 - weather_fetcher - INFO - Đã lấy thành công dữ liệu tại tọa độ 22.5003944, 103.96562","logger":"airflow.task.operators.airflow.providers.docker.operators.docker.DockerOperator","filename":"docker.py","lineno":71}
{"timestamp":"2026-06-01T11:01:16.116196Z","level":"info","event":"2026-06-01 11:01:16 - kafka_producer - INFO - Đã gửi tới weather_data: partition: 0 | offset: 20","logger":"airflow.task.operators.airflow.providers.docker.operators.docker.DockerOperator","filename":"docker.py","lineno":71}
{"timestamp":"2026-06-01T11:01:16.116328Z","level":"info","event":"2026-06-01 11:01:16 - weather_crawler - INFO - Đang lấy dữ liệu cho: Nghệ An, VN","logger":"airflow.task.operators.airflow.providers.docker.operators.docker.DockerOperator","filename":"docker.py","lineno":71}
{"timestamp":"2026-06-01T11:01:17.084734Z","level":"info","event":"2026-06-01 11:01:17 - weather_fetcher - INFO - Đã lấy thành công dữ liệu tại tọa độ 19.1976001, 105.060676","logger":"airflow.task.operators.airflow.providers.docker.operators.docker.DockerOperator","filename":"docker.py","lineno":71}
{"timestamp":"2026-06-01T11:01:17.087391Z","level":"info","event":"2026-06-01 11:01:17 - kafka_producer - INFO - Đã gửi tới weather_data: partition: 0 | offset: 21","logger":"airflow.task.operators.airflow.providers.docker.operators.docker.DockerOperator","filename":"docker.py","lineno":71}
{"timestamp":"2026-06-01T11:01:17.087513Z","level":"info","event":"2026-06-01 11:01:17 - weather_crawler - INFO - Đang lấy dữ liệu cho: Ninh Bình, VN","logger":"airflow.task.operators.airflow.providers.docker.operators.docker.DockerOperator","filename":"docker.py","lineno":71}
{"timestamp":"2026-06-01T11:01:18.451205Z","level":"info","event":"2026-06-01 11:01:18 - weather_fetcher - INFO - Đã lấy thành công dữ liệu tại tọa độ 20.2506149, 105.9744536","logger":"airflow.task.operators.airflow.providers.docker.operators.docker.DockerOperator","filename":"docker.py","lineno":71}
{"timestamp":"2026-06-01T11:01:18.453649Z","level":"info","event":"2026-06-01 11:01:18 - kafka_producer - INFO - Đã gửi tới weather_data: partition: 0 | offset: 22","logger":"airflow.task.operators.airflow.providers.docker.operators.docker.DockerOperator","filename":"docker.py","lineno":71}
{"timestamp":"2026-06-01T11:01:18.453750Z","level":"info","event":"2026-06-01 11:01:18 - weather_crawler - INFO - Đang lấy dữ liệu cho: Phú Thọ, VN","logger":"airflow.task.operators.airflow.providers.docker.operators.docker.DockerOperator","filename":"docker.py","lineno":71}
{"timestamp":"2026-06-01T11:01:19.710474Z","level":"info","event":"2026-06-01 11:01:19 - weather_fetcher - INFO - Đã lấy thành công dữ liệu tại tọa độ 21.3007538, 105.1349604","logger":"airflow.task.operators.airflow.providers.docker.operators.docker.DockerOperator","filename":"docker.py","lineno":71}
{"timestamp":"2026-06-01T11:01:19.712144Z","level":"info","event":"2026-06-01 11:01:19 - kafka_producer - INFO - Đã gửi tới weather_data: partition: 0 | offset: 23","logger":"airflow.task.operators.airflow.providers.docker.operators.docker.DockerOperator","filename":"docker.py","lineno":71}
{"timestamp":"2026-06-01T11:01:19.712244Z","level":"info","event":"2026-06-01 11:01:19 - weather_crawler - INFO - Đang lấy dữ liệu cho: Quảng Ngãi, VN","logger":"airflow.task.operators.airflow.providers.docker.operators.docker.DockerOperator","filename":"docker.py","lineno":71}
{"timestamp":"2026-06-01T11:01:20.649283Z","level":"info","event":"2026-06-01 11:01:20 - weather_fetcher - INFO - Đã lấy thành công dữ liệu tại tọa độ 15.1213873, 108.8044145","logger":"airflow.task.operators.airflow.providers.docker.operators.docker.DockerOperator","filename":"docker.py","lineno":71}
{"timestamp":"2026-06-01T11:01:20.651534Z","level":"info","event":"2026-06-01 11:01:20 - kafka_producer - INFO - Đã gửi tới weather_data: partition: 0 | offset: 24","logger":"airflow.task.operators.airflow.providers.docker.operators.docker.DockerOperator","filename":"docker.py","lineno":71}
{"timestamp":"2026-06-01T11:01:20.651641Z","level":"info","event":"2026-06-01 11:01:20 - weather_crawler - INFO - Đang lấy dữ liệu cho: Quảng Ninh, VN","logger":"airflow.task.operators.airflow.providers.docker.operators.docker.DockerOperator","filename":"docker.py","lineno":71}
{"timestamp":"2026-06-01T11:01:21.719414Z","level":"info","event":"2026-06-01 11:01:21 - weather_fetcher - INFO - Đã lấy thành công dữ liệu tại tọa độ 21.1718046, 107.2012742","logger":"airflow.task.operators.airflow.providers.docker.operators.docker.DockerOperator","filename":"docker.py","lineno":71}
{"timestamp":"2026-06-01T11:01:21.721347Z","level":"info","event":"2026-06-01 11:01:21 - kafka_producer - INFO - Đã gửi tới weather_data: partition: 0 | offset: 25","logger":"airflow.task.operators.airflow.providers.docker.operators.docker.DockerOperator","filename":"docker.py","lineno":71}
{"timestamp":"2026-06-01T11:01:21.721468Z","level":"info","event":"2026-06-01 11:01:21 - weather_crawler - INFO - Đang lấy dữ liệu cho: Quảng Trị, VN","logger":"airflow.task.operators.airflow.providers.docker.operators.docker.DockerOperator","filename":"docker.py","lineno":71}
{"timestamp":"2026-06-01T11:01:22.763736Z","level":"info","event":"2026-06-01 11:01:22 - weather_fetcher - INFO - Đã lấy thành công dữ liệu tại tọa độ 17.3024666, 106.6624287","logger":"airflow.task.operators.airflow.providers.docker.operators.docker.DockerOperator","filename":"docker.py","lineno":71}
{"timestamp":"2026-06-01T11:01:22.765758Z","level":"info","event":"2026-06-01 11:01:22 - kafka_producer - INFO - Đã gửi tới weather_data: partition: 0 | offset: 26","logger":"airflow.task.operators.airflow.providers.docker.operators.docker.DockerOperator","filename":"docker.py","lineno":71}
{"timestamp":"2026-06-01T11:01:22.765867Z","level":"info","event":"2026-06-01 11:01:22 - weather_crawler - INFO - Đang lấy dữ liệu cho: Sơn La, VN","logger":"airflow.task.operators.airflow.providers.docker.operators.docker.DockerOperator","filename":"docker.py","lineno":71}
{"timestamp":"2026-06-01T11:01:26.349837Z","level":"info","event":"2026-06-01 11:01:26 - weather_fetcher - INFO - Đã lấy thành công dữ liệu tại tọa độ 21.3269601, 103.9143842","logger":"airflow.task.operators.airflow.providers.docker.operators.docker.DockerOperator","filename":"docker.py","lineno":71}
{"timestamp":"2026-06-01T11:01:26.352173Z","level":"info","event":"2026-06-01 11:01:26 - kafka_producer - INFO - Đã gửi tới weather_data: partition: 0 | offset: 27","logger":"airflow.task.operators.airflow.providers.docker.operators.docker.DockerOperator","filename":"docker.py","lineno":71}
{"timestamp":"2026-06-01T11:01:26.352262Z","level":"info","event":"2026-06-01 11:01:26 - weather_crawler - INFO - Đang lấy dữ liệu cho: Tây Ninh, VN","logger":"airflow.task.operators.airflow.providers.docker.operators.docker.DockerOperator","filename":"docker.py","lineno":71}
{"timestamp":"2026-06-01T11:01:30.767377Z","level":"info","event":"2026-06-01 11:01:30 - weather_fetcher - INFO - Đã lấy thành công dữ liệu tại tọa độ 11.3136555, 106.0966969","logger":"airflow.task.operators.airflow.providers.docker.operators.docker.DockerOperator","filename":"docker.py","lineno":71}
{"timestamp":"2026-06-01T11:01:30.769768Z","level":"info","event":"2026-06-01 11:01:30 - kafka_producer - INFO - Đã gửi tới weather_data: partition: 0 | offset: 28","logger":"airflow.task.operators.airflow.providers.docker.operators.docker.DockerOperator","filename":"docker.py","lineno":71}
{"timestamp":"2026-06-01T11:01:30.769879Z","level":"info","event":"2026-06-01 11:01:30 - weather_crawler - INFO - Đang lấy dữ liệu cho: Thái Nguyên, VN","logger":"airflow.task.operators.airflow.providers.docker.operators.docker.DockerOperator","filename":"docker.py","lineno":71}
{"timestamp":"2026-06-01T11:01:31.627078Z","level":"info","event":"2026-06-01 11:01:31 - weather_fetcher - INFO - Đã lấy thành công dữ liệu tại tọa độ 21.5954448, 105.8386957","logger":"airflow.task.operators.airflow.providers.docker.operators.docker.DockerOperator","filename":"docker.py","lineno":71}
{"timestamp":"2026-06-01T11:01:31.630238Z","level":"info","event":"2026-06-01 11:01:31 - kafka_producer - INFO - Đã gửi tới weather_data: partition: 0 | offset: 29","logger":"airflow.task.operators.airflow.providers.docker.operators.docker.DockerOperator","filename":"docker.py","lineno":71}
{"timestamp":"2026-06-01T11:01:31.630354Z","level":"info","event":"2026-06-01 11:01:31 - weather_crawler - INFO - Đang lấy dữ liệu cho: Thanh Hóa, VN","logger":"airflow.task.operators.airflow.providers.docker.operators.docker.DockerOperator","filename":"docker.py","lineno":71}
{"timestamp":"2026-06-01T11:01:32.437451Z","level":"info","event":"2026-06-01 11:01:32 - weather_fetcher - INFO - Đã lấy thành công dữ liệu tại tọa độ 19.806692, 105.7851816","logger":"airflow.task.operators.airflow.providers.docker.operators.docker.DockerOperator","filename":"docker.py","lineno":71}
{"timestamp":"2026-06-01T11:01:32.439681Z","level":"info","event":"2026-06-01 11:01:32 - kafka_producer - INFO - Đã gửi tới weather_data: partition: 0 | offset: 30","logger":"airflow.task.operators.airflow.providers.docker.operators.docker.DockerOperator","filename":"docker.py","lineno":71}
{"timestamp":"2026-06-01T11:01:32.439802Z","level":"info","event":"2026-06-01 11:01:32 - weather_crawler - INFO - Đang lấy dữ liệu cho: Thừa Thiên-Huế, VN","logger":"airflow.task.operators.airflow.providers.docker.operators.docker.DockerOperator","filename":"docker.py","lineno":71}
{"timestamp":"2026-06-01T11:01:33.465719Z","level":"info","event":"2026-06-01 11:01:33 - weather_fetcher - INFO - Đã lấy thành công dữ liệu tại tọa độ 16.5530473, 107.6900375","logger":"airflow.task.operators.airflow.providers.docker.operators.docker.DockerOperator","filename":"docker.py","lineno":71}
{"timestamp":"2026-06-01T11:01:33.468693Z","level":"info","event":"2026-06-01 11:01:33 - kafka_producer - INFO - Đã gửi tới weather_data: partition: 0 | offset: 31","logger":"airflow.task.operators.airflow.providers.docker.operators.docker.DockerOperator","filename":"docker.py","lineno":71}
{"timestamp":"2026-06-01T11:01:33.468919Z","level":"info","event":"2026-06-01 11:01:33 - weather_crawler - INFO - Đang lấy dữ liệu cho: Tuyên Quang, VN","logger":"airflow.task.operators.airflow.providers.docker.operators.docker.DockerOperator","filename":"docker.py","lineno":71}
{"timestamp":"2026-06-01T11:01:37.142117Z","level":"info","event":"2026-06-01 11:01:37 - weather_fetcher - INFO - Đã lấy thành công dữ liệu tại tọa độ 21.8192281, 105.2149355","logger":"airflow.task.operators.airflow.providers.docker.operators.docker.DockerOperator","filename":"docker.py","lineno":71}
{"timestamp":"2026-06-01T11:01:37.144016Z","level":"info","event":"2026-06-01 11:01:37 - kafka_producer - INFO - Đã gửi tới weather_data: partition: 0 | offset: 32","logger":"airflow.task.operators.airflow.providers.docker.operators.docker.DockerOperator","filename":"docker.py","lineno":71}
{"timestamp":"2026-06-01T11:01:37.144110Z","level":"info","event":"2026-06-01 11:01:37 - weather_crawler - INFO - Đang lấy dữ liệu cho: Vĩnh Long, VN","logger":"airflow.task.operators.airflow.providers.docker.operators.docker.DockerOperator","filename":"docker.py","lineno":71}
{"timestamp":"2026-06-01T11:01:38.208292Z","level":"info","event":"2026-06-01 11:01:38 - weather_fetcher - INFO - Đã lấy thành công dữ liệu tại tọa độ 10.254809, 105.9714673","logger":"airflow.task.operators.airflow.providers.docker.operators.docker.DockerOperator","filename":"docker.py","lineno":71}
{"timestamp":"2026-06-01T11:01:38.210524Z","level":"info","event":"2026-06-01 11:01:38 - kafka_producer - INFO - Đã gửi tới weather_data: partition: 0 | offset: 33","logger":"airflow.task.operators.airflow.providers.docker.operators.docker.DockerOperator","filename":"docker.py","lineno":71}
{"timestamp":"2026-06-01T11:01:38.210723Z","level":"info","event":"2026-06-01 11:01:38 - weather_crawler - INFO - Đã tắt Weather Crawler","logger":"airflow.task.operators.airflow.providers.docker.operators.docker.DockerOperator","filename":"docker.py","lineno":71}
{"timestamp":"2026-06-01T11:01:38.518747Z","level":"info","event":"Pushing xcom","ti":"RuntimeTaskInstance(id=UUID('019e82d7-4460-7834-b13e-794469d171d2'), task_id='weather_crawler_task', dag_id='crawler_pipeline', run_id='scheduled__2026-06-01T10:35:00+00:00', try_number=1, dag_version_id=UUID('019e82d7-429b-7b1f-a1c1-9fa208fbff6f'), map_index=-1, hostname='58311b52f954', context_carrier={'traceparent': '00-e58b459d31ee32367cc150b8994d7a40-7b7eb5bee1e3427a-01'}, task=<Task(DockerOperator): weather_crawler_task>, bundle_instance=LocalDagBundle(name=dags-folder), max_tries=0, start_date=datetime.datetime(2026, 6, 1, 11, 0, 6, 885450, tzinfo=datetime.timezone.utc), end_date=None, state=<TaskInstanceState.RUNNING: 'running'>, is_mapped=False, rendered_map_index=None, sentry_integration='')","logger":"task","filename":"task_runner.py","lineno":1724}
